[docs.mongodb.com/realm/index.html]
[backblue.gif]
[fade.gif]
[index.html]
[docs.mongodb.com/realm/static/fontawesome4-webfont-af7ae505a9eed503f8b8e6982036873e.woff2]
[docs.mongodb.com/realm/static/fontawesome4-webfont-fee66e712a8a08eef5805a46892932ad.woff]
[docs.mongodb.com/realm/static/fontawesome4-webfont-b06871f281fee6b241d60582ae9369b9.ttf]
[docs.mongodb.com/realm/static/MMSIcons-Regular-cb2ecb8e42791cc820f1a4e20219f222.woff2]
[docs.mongodb.com/realm/static/MMSIcons-Regular-803002eefb48ee0ac8f0c59a524781c8.woff]
[docs.mongodb.com/realm/static/MMSIcons-Regular-d061467e6f99204b83af3ec9a722c4bd.ttf]
[docs.mongodb.com/realm/sitemap.xml]
[docs.mongodb.com/realm/webpack-runtime-fa8ab220f6a63e6df200.js]
[docs.mongodb.com/realm/styles-84a9bc99193fe5828ffe.js]
[docs.mongodb.com/realm/framework-dd21d6212b63b8bad55c.js]
[docs.mongodb.com/realm/9c6d7990-9131396307b235243df3.js]
[docs.mongodb.com/realm/ec740807-52b9167b4f381ec171c2.js]
[docs.mongodb.com/realm/9a8bd14d-c3ff99aa4c397fad33dc.js]
[docs.mongodb.com/realm/9f96d65d-0c22a1d2dcebd68ba69e.js]
[docs.mongodb.com/realm/e82996df-1fa1122af6f769b94552.js]
[docs.mongodb.com/realm/7cc3a356-fcaf035e88c58e70eafd.js]
[docs.mongodb.com/realm/3a59a859-76b33c0e5374979c5524.js]
[docs.mongodb.com/realm/0abf01d3-79b404e10d577e86d33d.js]
[docs.mongodb.com/realm/768f2860-f243164905a0f5389aaf.js]
[docs.mongodb.com/realm/7e5b3c97-f34614f4fccc7ce2ac2e.js]
[docs.mongodb.com/realm/app-6540d1736ce68a140941.js]
[docs.mongodb.com/realm/a1a65adf-3118b20ebdc6344269a2.js]
[docs.mongodb.com/realm/commons-fdf8840e9d2801bbd1c7.js]
[docs.mongodb.com/realm/page-data/index/page-data.json]
[docs.mongodb.com/realm/page-data/sq/d/2090979653.json]
[docs.mongodb.com/realm/component---src-components-document-body-js-68de10db3b03ed052c86.js]
[docs.mongodb.com/realm/page-data/sq/d/2294143850.json]
[docs.mongodb.com/realm/page-data/app-data.json]
[docs.mongodb.com/realm/assets/link.png]
[docs.mongodb.com/realm/tutorial/index.html]
[docs.mongodb.com/realm/sdk/index.html]
[docs.mongodb.com/realm/cloud/index.html]
[docs.mongodb.com/realm/studio/index.html]
[docs.mongodb.com/realm/images/hero.png]
[docs.mongodb.com/realm/images/icons/realm_sdk.svg]
[docs.mongodb.com/realm/release-notes/index.html]
[docs.mongodb.com/realm/get-started/introduction-mobile/index.html]
[docs.mongodb.com/realm/images/icons/realm.svg]
[docs.mongodb.com/realm/sdk/android/index.html]
[docs.mongodb.com/realm/sdk/dotnet/index.html]
[docs.mongodb.com/realm/sdk/node/index.html]
[docs.mongodb.com/realm/sdk/swift/index.html]
[docs.mongodb.com/realm/polyfill-47334101ef8a76532af7.js]
[docs.mongodb.com/realm/index.html]
[docs.mongodb.com/realm/sdk/react-native/index.html]
[docs.mongodb.com/realm/web/index.html]
[docs.mongodb.com/realm/sdk/flutter/index.html]
[docs.mongodb.com/realm/sdk/kotlin-multiplatform/index.html]
[docs.mongodb.com/realm/page-data/tutorial/page-data.json]
[docs.mongodb.com/realm/tutorial/index.html]
[docs.mongodb.com/realm/tutorial/preview/index.html]
[docs.mongodb.com/realm/tutorial/android-kotlin/index.html]
[docs.mongodb.com/realm/tutorial/realm-app/index.html]
[docs.mongodb.com/realm/tutorial/ios-swift/index.html]
[docs.mongodb.com/realm/page-data/sdk/page-data.json]
[docs.mongodb.com/realm/tutorial/dotnet/index.html]
[docs.mongodb.com/realm/tutorial/react-native/index.html]
[docs.mongodb.com/realm/tutorial/nodejs-cli/index.html]
[docs.mongodb.com/realm/tutorial/web-graphql/index.html]
[docs.mongodb.com/realm/images/icons/android_sdk.svg]
[docs.mongodb.com/realm/tutorial/jwt/index.html]
[docs.mongodb.com/realm/tutorial/unity/index.html]
[docs.mongodb.com/realm/tutorial/backend/index.html]
[docs.mongodb.com/realm/get-started/getting-help/index.html]
[docs.mongodb.com/realm/images/icons/swift_sdk.svg]
[docs.mongodb.com/realm/functions/index.html]
[docs.mongodb.com/realm/sync/learn/overview/index.html]
[docs.mongodb.com/realm/triggers/trigger-types/index.html]
[docs.mongodb.com/realm/authentication/index.html]
[docs.mongodb.com/realm/images/icons/dot_net_sdk.svg]
[docs.mongodb.com/realm/images/icons/node_js_sdk.svg]
[docs.mongodb.com/realm/images/icons/react_native_sdk.svg]
[docs.mongodb.com/realm/images/icons/kotlin_sdk.svg]
[docs.mongodb.com/realm/images/icons/web_sdk.svg]
[docs.mongodb.com/realm/images/icons/flutter.svg]
[docs.mongodb.com/realm/sdk/index.html]
[docs.mongodb.com/realm/page-data/cloud/page-data.json]
[docs.mongodb.com/realm/images/icons/realm/cross-platform.svg]
[docs.mongodb.com/realm/mongodb/index.html]
[docs.mongodb.com/realm/schemas/index.html]
[docs.mongodb.com/realm/graphql/index.html]
[docs.mongodb.com/realm/rules/index.html]
[docs.mongodb.com/realm/images/icons/realm/realm-mobile.svg]
[docs.mongodb.com/realm/images/icons/realm/graphql.svg]
[docs.mongodb.com/realm/hosting/index.html]
[docs.mongodb.com/realm/endpoints/index.html]
[docs.mongodb.com/realm/values-and-secrets/index.html]
[docs.mongodb.com/realm/push-notifications/index.html]
[docs.mongodb.com/realm/images/icons/realm/realm-lightning.svg]
[docs.mongodb.com/realm/cloud/index.html]
[docs.mongodb.com/realm/studio/index.html]
[docs.mongodb.com/realm/release-notes/index.html]
[docs.mongodb.com/realm/get-started/introduction-mobile/index.html]
[docs.mongodb.com/realm/images/icons/realm_sdk.svg]
[docs.mongodb.com/realm/sdk/android/index.html]
[docs.mongodb.com/realm/sdk/swift/index.html]
[docs.mongodb.com/realm/sdk/dotnet/index.html]
[docs.mongodb.com/realm/sdk/node/index.html]
[docs.mongodb.com/realm/sdk/react-native/index.html]
[docs.mongodb.com/realm/sdk/kotlin-multiplatform/index.html]
[docs.mongodb.com/realm/web/index.html]
[docs.mongodb.com/realm/sdk/flutter/index.html]
[docs.mongodb.com/realm/images/icons/realm.svg]
[docs.mongodb.com/realm/tutorial/preview/index.html]
[docs.mongodb.com/realm/tutorial/realm-app/index.html]
[docs.mongodb.com/realm/tutorial/ios-swift/index.html]
[docs.mongodb.com/realm/tutorial/android-kotlin/index.html]
[docs.mongodb.com/realm/tutorial/react-native/index.html]
[docs.mongodb.com/realm/tutorial/dotnet/index.html]
[docs.mongodb.com/realm/tutorial/web-graphql/index.html]
[docs.mongodb.com/realm/tutorial/nodejs-cli/index.html]
[docs.mongodb.com/realm/tutorial/backend/index.html]
[docs.mongodb.com/realm/tutorial/jwt/index.html]
[docs.mongodb.com/realm/tutorial/unity/index.html]
[docs.mongodb.com/realm/get-started/getting-help/index.html]
[docs.mongodb.com/realm/sync/learn/overview/index.html]
[docs.mongodb.com/realm/authentication/index.html]
[docs.mongodb.com/realm/functions/index.html]
[docs.mongodb.com/realm/triggers/trigger-types/index.html]
[docs.mongodb.com/realm/images/icons/android_sdk.svg]
[docs.mongodb.com/realm/images/icons/swift_sdk.svg]
[docs.mongodb.com/realm/images/icons/dot_net_sdk.svg]
[docs.mongodb.com/realm/images/icons/node_js_sdk.svg]
[docs.mongodb.com/realm/images/icons/react_native_sdk.svg]
[docs.mongodb.com/realm/images/icons/kotlin_sdk.svg]
[docs.mongodb.com/realm/images/icons/web_sdk.svg]
[docs.mongodb.com/realm/images/icons/flutter.svg]
[docs.mongodb.com/realm/schemas/index.html]
[docs.mongodb.com/realm/rules/index.html]
[docs.mongodb.com/realm/mongodb/index.html]
[docs.mongodb.com/realm/graphql/index.html]
[docs.mongodb.com/realm/endpoints/index.html]
[docs.mongodb.com/realm/push-notifications/index.html]
[docs.mongodb.com/realm/hosting/index.html]
[docs.mongodb.com/realm/values-and-secrets/index.html]
[docs.mongodb.com/realm/logs/index.html]
[docs.mongodb.com/realm/alerts/index.html]
[docs.mongodb.com/realm/cli/index.html]
[docs.mongodb.com/realm/services/index.html]
[docs.mongodb.com/realm/images/icons/realm/cross-platform.svg]
[docs.mongodb.com/realm/images/icons/realm/realm-mobile.svg]
[docs.mongodb.com/realm/images/icons/realm/graphql.svg]
[docs.mongodb.com/realm/images/icons/realm/realm-lightning.svg]
